Traceback (most recent call last):
  File "/usr/local/python/3.12.1/lib/python3.12/site-packages/jupyter_cache/executors/utils.py", line 58, in single_nb_execution
    executenb(
  File "/home/codespace/.local/lib/python3.12/site-packages/nbclient/client.py", line 1319, in execute
    return NotebookClient(nb=nb, resources=resources, km=km, **kwargs).execute()
           ^^^^^^^^^^^^^^^^^^^^^^^^^^^^^^^^^^^^^^^^^^^^^^^^^^^^^^^^^^^^^^^^^^^^^
  File "/home/codespace/.local/lib/python3.12/site-packages/jupyter_core/utils/__init__.py", line 165, in wrapped
    return loop.run_until_complete(inner)
           ^^^^^^^^^^^^^^^^^^^^^^^^^^^^^^
  File "/usr/local/python/3.12.1/lib/python3.12/asyncio/base_events.py", line 684, in run_until_complete
    return future.result()
           ^^^^^^^^^^^^^^^
  File "/home/codespace/.local/lib/python3.12/site-packages/nbclient/client.py", line 709, in async_execute
    await self.async_execute_cell(
  File "/home/codespace/.local/lib/python3.12/site-packages/nbclient/client.py", line 1062, in async_execute_cell
    await self._check_raise_for_error(cell, cell_index, exec_reply)
  File "/home/codespace/.local/lib/python3.12/site-packages/nbclient/client.py", line 918, in _check_raise_for_error
    raise CellExecutionError.from_cell_and_msg(cell, exec_reply_content)
nbclient.exceptions.CellExecutionError: An error occurred while executing the following cell:
------------------
# =========================================================
# SVD PADA GAMBAR PEMANDANGAN (GOOGLE COLAB)
# =========================================================

# =========================================================
# 1. IMPORT LIBRARY
# =========================================================
import numpy as np
import matplotlib.pyplot as plt
from PIL import Image
from google.colab import files

# =========================================================
# 2. UPLOAD GAMBAR
# =========================================================
print("Silakan upload gambar pemandangan...")

uploaded = files.upload()

# Mengambil nama file yang diupload
nama_file = list(uploaded.keys())[0]

# =========================================================
# 3. MEMBACA GAMBAR
# =========================================================
gambar = Image.open(nama_file)

# Ubah ke grayscale
gambar = gambar.convert("L")

# Ubah menjadi array numpy
A = np.array(gambar)

# Ukuran gambar
h, w = A.shape

print("Ukuran gambar:", h, "x", w)

# =========================================================
# 4. MENAMPILKAN GAMBAR ASLI
# =========================================================
plt.figure(figsize=(5,5))

plt.imshow(A, cmap='gray')

plt.title("Gambar Asli")

plt.axis('off')

plt.show()

# =========================================================
# 5. PROSES SVD
# =========================================================
print("Memulai proses SVD...")

# Rumus:
# A = U . S . Vt

U, S, Vt = np.linalg.svd(A, full_matrices=False)

print("Ukuran matriks hasil SVD")
print("U  :", U.shape)
print("S  :", S.shape)
print("Vt :", Vt.shape)

# =========================================================
# 6. REKONSTRUKSI GAMBAR
# =========================================================

# Nilai k
nilai_k = [5, 20, 50, 100]

fig, axes = plt.subplots(1, len(nilai_k), figsize=(15,5))

for i, k in enumerate(nilai_k):

    # Potong matriks
    U_k = U[:, :k]

    S_k = np.diag(S[:k])

    Vt_k = Vt[:k, :]

    # Rekonstruksi
    hasil = U_k @ S_k @ Vt_k

    # Hitung rasio data
    total_asli = h * w

    total_svd = (h * k) + k + (k * w)

    rasio = (total_svd / total_asli) * 100

    # Tampilkan hasil
    axes[i].imshow(hasil, cmap='gray')

    axes[i].set_title(f"k = {k}\nData {rasio:.1f}%")

    axes[i].axis('off')

plt.tight_layout()

plt.show()

# =========================================================
# 7. GRAFIK NILAI SINGULAR
# =========================================================
plt.figure(figsize=(7,4))

plt.plot(S)

plt.title("Grafik Nilai Singular")

plt.xlabel("Komponen ke-i")

plt.ylabel("Nilai Singular")

plt.grid(True)

plt.show()
------------------


[31m---------------------------------------------------------------------------[39m
[31mModuleNotFoundError[39m                       Traceback (most recent call last)
[36mCell[39m[36m [39m[32mIn[1][39m[32m, line 8[39m
[32m      1[39m [38;5;66;03m# =========================================================[39;00m
[32m      2[39m [38;5;66;03m# SVD PADA GAMBAR PEMANDANGAN (GOOGLE COLAB)[39;00m
[32m      3[39m [38;5;66;03m# =========================================================[39;00m
[32m   (...)[39m[32m      6[39m [38;5;66;03m# 1. IMPORT LIBRARY[39;00m
[32m      7[39m [38;5;66;03m# =========================================================[39;00m
[32m----> [39m[32m8[39m [38;5;28;01mimport[39;00m[38;5;250m [39m[34;01mnumpy[39;00m[38;5;250m [39m[38;5;28;01mas[39;00m[38;5;250m [39m[34;01mnp[39;00m
[32m      9[39m [38;5;28;01mimport[39;00m[38;5;250m [39m[34;01mmatplotlib[39;00m[34;01m.[39;00m[34;01mpyplot[39;00m[38;5;250m [39m[38;5;28;01mas[39;00m[38;5;250m [39m[34;01mplt[39;00m
[32m     10[39m [38;5;28;01mfrom[39;00m[38;5;250m [39m[34;01mPIL[39;00m[38;5;250m [39m[38;5;28;01mimport[39;00m Image

[31mModuleNotFoundError[39m: No module named 'numpy'

